AggregateError: 
    at <anonymous> (D:\Programación\starcraft-tmg\server\src\app.ts:78:16)
    at Layer.handleRequest (D:\Programación\starcraft-tmg\node_modules\router\lib\layer.js:152:17)
    at next (D:\Programación\starcraft-tmg\node_modules\router\lib\route.js:157:13)
    at Route.dispatch (D:\Programación\starcraft-tmg\node_modules\router\lib\route.js:117:3)
    at handle (D:\Programación\starcraft-tmg\node_modules\router\index.js:435:11)
    at Layer.handleRequest (D:\Programación\starcraft-tmg\node_modules\router\lib\layer.js:152:17)
    at D:\Programación\starcraft-tmg\node_modules\router\index.js:295:15
    at processParams (D:\Programación\starcraft-tmg\node_modules\router\index.js:582:12)
    at next (D:\Programación\starcraft-tmg\node_modules\router\index.js:291:5)
    at cookieParser (D:\Programación\starcraft-tmg\node_modules\cookie-parser\index.js:57:14) {
  code: 'ECONNREFUSED',
  fatal: true,
  [errors]: [
    Error: connect ECONNREFUSED ::1:3306
        at createConnectionError (node:net:1747:14)
        at afterConnectMultiple (node:net:1777:16) {
      errno: -4078,
      code: 'ECONNREFUSED',
      syscall: 'connect',
      address: '::1',
      port: 3306
    },
    Error: connect ECONNREFUSED 127.0.0.1:3306
        at createConnectionError (node:net:1747:14)
        at afterConnectMultiple (node:net:1777:16) {
      errno: -4078,
      code: 'ECONNREFUSED',
      syscall: 'connect',
      address: '127.0.0.1',
      port: 3306
    }
  ]
}
