
> starcraft-tmg-army-builder@0.1.6 dev
> vite --host localhost


  [32m[1mVITE[22m v6.4.3[39m  [2mready in [0m[1m804[22m[2m[0m ms[22m

  [32m➜[39m  [1mLocal[22m:   [36mhttp://localhost:[1m5173[22m/[39m
[2m[32m  ➜[39m[22m[2m  press [22m[1mh + enter[22m[2m to show help[22m
[2m10:33:22[22m [36m[1m[vite][22m[39m [32mvite.config.ts changed, restarting server...[39m
[2m10:33:22[22m [36m[1m[vite][22m[39m server restarted.
[2m10:33:32[22m [36m[1m[vite][22m[39m [90m[2m(client)[22m[39m [32mpage reload [39m[2mindex.html[22m
[2m10:33:35[22m [36m[1m[vite][22m[39m [32mpackage.json changed, restarting server...[39m
[2m10:33:35[22m [36m[1m[vite][22m[39m server restarted.
[2m10:33:38[22m [36m[1m[vite][22m[39m [32mpackage.json changed, restarting server...[39m
[2m10:33:38[22m [36m[1m[vite][22m[39m server restarted.
[2m10:55:28[22m [36m[1m[vite][22m[39m [32mpackage.json changed, restarting server...[39m
[2m10:55:28[22m [36m[1m[vite][22m[39m server restarted.
[2m10:55:32[22m [36m[1m[vite][22m[39m [32mpackage.json changed, restarting server...[39m
[2m10:55:32[22m [36m[1m[vite][22m[39m server restarted.
[2m11:25:48[22m [36m[1m[vite][22m[39m [90m[2m(client)[22m[39m [32mhmr update [39m[2m/src/App.tsx, /src/ui/lists/PublicListPage.tsx, /src/ui/home/HomePage.tsx, /src/ui/lists/SavedListsPage.tsx, /src/ui/lists/PublicListsPage.tsx[22m
[2m11:25:48[22m [36m[1m[vite][22m[39m [90m[2m(client)[22m[39m [33mhmr invalidate [39m[2m/src/App.tsx[22m Could not Fast Refresh ("initialPageFor" export is incompatible). Learn more at https://github.com/vitejs/vite-plugin-react/tree/main/packages/plugin-react#consistent-components-exports
[2m11:25:48[22m [36m[1m[vite][22m[39m [90m[2m(client)[22m[39m [32mpage reload [39m[2msrc/App.tsx[22m
[2m11:25:51[22m [36m[1m[vite][22m[39m [90m[2m(client)[22m[39m [32mhmr update [39m[2m/src/App.tsx, /src/ui/common/LanguageSelector.tsx, /src/i18n/LocaleBootstrap.tsx, /src/ui/auth/AuthGate.tsx, /src/ui/account/AccountPage.tsx, /src/ui/lists/PublicListPage.tsx, /src/ui/home/HomePage.tsx, /src/ui/lists/SavedListsPage.tsx, /src/ui/lists/PublicListsPage.tsx, /src/ui/account/ProfileAvatar.tsx, /src/ui/support/SupportPage.tsx, /src/ui/account/SuperAdminPanel.tsx[22m
[2m11:25:51[22m [36m[1m[vite][22m[39m [90m[2m(client)[22m[39m [33mhmr invalidate [39m[2m/src/App.tsx[22m Could not Fast Refresh ("initialPageFor" export is incompatible). Learn more at https://github.com/vitejs/vite-plugin-react/tree/main/packages/plugin-react#consistent-components-exports
[2m11:25:51[22m [36m[1m[vite][22m[39m [90m[2m(client)[22m[39m [32mpage reload [39m[2msrc/App.tsx[22m
[2m11:25:51[22m [36m[1m[vite][22m[39m [90m[2m(client)[22m[39m [33mhmr invalidate [39m[2m/src/ui/account/ProfileAvatar.tsx[22m Could not Fast Refresh ("AVATAR_OPTIONS" export is incompatible). Learn more at https://github.com/vitejs/vite-plugin-react/tree/main/packages/plugin-react#consistent-components-exports
[2m11:25:51[22m [36m[1m[vite][22m[39m [90m[2m(client)[22m[39m [32mhmr update [39m[2m/src/App.tsx, /src/ui/account/AccountPage.tsx, /src/ui/lists/ListTable.tsx[22m
[2m11:25:51[22m [36m[1m[vite][22m[39m [90m[2m(client)[22m[39m [33mhmr invalidate [39m[2m/src/ui/account/SuperAdminPanel.tsx[22m Could not Fast Refresh ("AUTH_PROVIDER_LABEL" export is incompatible). Learn more at https://github.com/vitejs/vite-plugin-react/tree/main/packages/plugin-react#consistent-components-exports
[2m11:25:51[22m [36m[1m[vite][22m[39m [90m[2m(client)[22m[39m [32mhmr update [39m[2m/src/ui/account/AccountPage.tsx[22m
[2m11:25:52[22m [36m[1m[vite][22m[39m [90m[2m(client)[22m[39m [33mhmr invalidate [39m[2m/src/App.tsx[22m Could not Fast Refresh ("initialPageFor" export is incompatible). Learn more at https://github.com/vitejs/vite-plugin-react/tree/main/packages/plugin-react#consistent-components-exports
[2m11:25:52[22m [36m[1m[vite][22m[39m [90m[2m(client)[22m[39m [32mpage reload [39m[2msrc/App.tsx[22m
[2m11:27:35[22m [36m[1m[vite][22m[39m [90m[2m(client)[22m[39m [32mhmr update [39m[2m/src/App.tsx[22m
[2m11:27:35[22m [36m[1m[vite][22m[39m [90m[2m(client)[22m[39m [33mhmr invalidate [39m[2m/src/App.tsx[22m Could not Fast Refresh ("initialPageFor" export is incompatible). Learn more at https://github.com/vitejs/vite-plugin-react/tree/main/packages/plugin-react#consistent-components-exports
[2m11:27:35[22m [36m[1m[vite][22m[39m [90m[2m(client)[22m[39m [32mpage reload [39m[2msrc/App.tsx[22m
[2m11:28:05[22m [36m[1m[vite][22m[39m [90m[2m(client)[22m[39m [32mhmr update [39m[2m/src/ui/builder/StepMusterUnits.tsx[22m
[2m11:28:07[22m [36m[1m[vite][22m[39m [90m[2m(client)[22m[39m [32mhmr update [39m[2m/src/ui/print/PrintSheet.tsx[22m
[2m11:29:00[22m [36m[1m[vite][22m[39m [90m[2m(client)[22m[39m [32mpage reload [39m[2msrc/i18n/locales.ts[22m
[2m11:29:08[22m [36m[1m[vite][22m[39m [90m[2m(client)[22m[39m [32mhmr update [39m[2m/src/ui/builder/StepStatistics.tsx[22m
[2m11:29:41[22m [36m[1m[vite][22m[39m [90m[2m(client)[22m[39m [32mhmr update [39m[2m/src/ui/builder/builder-design.css[22m
[2m11:31:53[22m [36m[1m[vite][22m[39m [90m[2m(client)[22m[39m [32mhmr update [39m[2m/src/ui/builder/StepCommandCards.tsx[22m
[2m11:33:50[22m [36m[1m[vite][22m[39m [90m[2m(client)[22m[39m [32mhmr update [39m[2m/src/App.tsx[22m
[2m11:33:50[22m [36m[1m[vite][22m[39m [90m[2m(client)[22m[39m [33mhmr invalidate [39m[2m/src/App.tsx[22m Could not Fast Refresh (new export)
[2m11:33:50[22m [36m[1m[vite][22m[39m [90m[2m(client)[22m[39m [32mpage reload [39m[2msrc/App.tsx[22m
[2m11:34:12[22m [36m[1m[vite][22m[39m [90m[2m(client)[22m[39m [32mhmr update [39m[2m/src/ui/print/PrintSheet.tsx[22m
[2m11:34:35[22m [36m[1m[vite][22m[39m [90m[2m(client)[22m[39m [32mhmr update [39m[2m/src/App.tsx[22m
[2m11:34:36[22m [36m[1m[vite][22m[39m [90m[2m(client)[22m[39m [33mhmr invalidate [39m[2m/src/App.tsx[22m Could not Fast Refresh (new export)
[2m11:34:36[22m [36m[1m[vite][22m[39m [90m[2m(client)[22m[39m [32mpage reload [39m[2msrc/App.tsx[22m
[2m11:35:59[22m [36m[1m[vite][22m[39m [32mpackage.json changed, restarting server...[39m
[2m11:35:59[22m [36m[1m[vite][22m[39m server restarted.
[2m11:36:11[22m [36m[1m[vite][22m[39m [90m[2m(client)[22m[39m [32mhmr update [39m[2m/src/ui/builder/StepStatistics.tsx[22m
[2m11:36:11[22m [36m[1m[vite][22m[39m [90m[2m(client)[22m[39m [33mhmr invalidate [39m[2m/src/ui/builder/StepStatistics.tsx[22m Could not Fast Refresh ("formatPlayedOn" export is incompatible). Learn more at https://github.com/vitejs/vite-plugin-react/tree/main/packages/plugin-react#consistent-components-exports
[2m11:36:11[22m [36m[1m[vite][22m[39m [90m[2m(client)[22m[39m [32mhmr update [39m[2m/src/App.tsx[22m
[2m11:36:11[22m [36m[1m[vite][22m[39m [90m[2m(client)[22m[39m [33mhmr invalidate [39m[2m/src/App.tsx[22m Could not Fast Refresh ("initialPageFor" export is incompatible). Learn more at https://github.com/vitejs/vite-plugin-react/tree/main/packages/plugin-react#consistent-components-exports
[2m11:36:11[22m [36m[1m[vite][22m[39m [90m[2m(client)[22m[39m [32mpage reload [39m[2msrc/App.tsx[22m
[2m11:36:16[22m [36m[1m[vite][22m[39m [90m[2m(client)[22m[39m [32mhmr update [39m[2m/src/ui/builder/StepStatistics.tsx[22m
[2m11:36:17[22m [36m[1m[vite][22m[39m [90m[2m(client)[22m[39m [33mhmr invalidate [39m[2m/src/ui/builder/StepStatistics.tsx[22m Could not Fast Refresh ("formatPlayedOn" export is incompatible). Learn more at https://github.com/vitejs/vite-plugin-react/tree/main/packages/plugin-react#consistent-components-exports
[2m11:36:17[22m [36m[1m[vite][22m[39m [90m[2m(client)[22m[39m [32mhmr update [39m[2m/src/App.tsx[22m
[2m11:36:17[22m [36m[1m[vite][22m[39m [90m[2m(client)[22m[39m [33mhmr invalidate [39m[2m/src/App.tsx[22m Could not Fast Refresh ("initialPageFor" export is incompatible). Learn more at https://github.com/vitejs/vite-plugin-react/tree/main/packages/plugin-react#consistent-components-exports
[2m11:36:17[22m [36m[1m[vite][22m[39m [90m[2m(client)[22m[39m [32mpage reload [39m[2msrc/App.tsx[22m
[2m11:36:29[22m [36m[1m[vite][22m[39m [90m[2m(client)[22m[39m [32mhmr update [39m[2m/src/ui/builder/StepStatistics.tsx[22m
[2m11:36:29[22m [36m[1m[vite][22m[39m [90m[2m(client)[22m[39m [33mhmr invalidate [39m[2m/src/ui/builder/StepStatistics.tsx[22m Could not Fast Refresh ("formatPlayedOn" export is incompatible). Learn more at https://github.com/vitejs/vite-plugin-react/tree/main/packages/plugin-react#consistent-components-exports
[2m11:36:29[22m [36m[1m[vite][22m[39m [90m[2m(client)[22m[39m [32mhmr update [39m[2m/src/App.tsx[22m
[2m11:36:29[22m [36m[1m[vite][22m[39m [90m[2m(client)[22m[39m [33mhmr invalidate [39m[2m/src/App.tsx[22m Could not Fast Refresh ("initialPageFor" export is incompatible). Learn more at https://github.com/vitejs/vite-plugin-react/tree/main/packages/plugin-react#consistent-components-exports
[2m11:36:29[22m [36m[1m[vite][22m[39m [90m[2m(client)[22m[39m [32mpage reload [39m[2msrc/App.tsx[22m
[2m11:38:21[22m [36m[1m[vite][22m[39m [90m[2m(client)[22m[39m [32mhmr update [39m[2m/src/App.tsx[22m
[2m11:38:21[22m [36m[1m[vite][22m[39m [90m[2m(client)[22m[39m [33mhmr invalidate [39m[2m/src/App.tsx[22m Could not Fast Refresh (export removed)
[2m11:38:21[22m [36m[1m[vite][22m[39m [90m[2m(client)[22m[39m [32mpage reload [39m[2msrc/App.tsx[22m
[2m11:47:16[22m [36m[1m[vite][22m[39m [90m[2m(client)[22m[39m [32mhmr update [39m[2m/src/ui/builder/StepStatistics.tsx[22m
[2m11:47:16[22m [36m[1m[vite][22m[39m [90m[2m(client)[22m[39m [33mhmr invalidate [39m[2m/src/ui/builder/StepStatistics.tsx[22m Could not Fast Refresh ("formatPlayedOn" export is incompatible). Learn more at https://github.com/vitejs/vite-plugin-react/tree/main/packages/plugin-react#consistent-components-exports
[2m11:47:16[22m [36m[1m[vite][22m[39m [90m[2m(client)[22m[39m [32mhmr update [39m[2m/src/App.tsx[22m
[2m11:47:16[22m [36m[1m[vite][22m[39m [90m[2m(client)[22m[39m [33mhmr invalidate [39m[2m/src/App.tsx[22m Could not Fast Refresh ("initialPageFor" export is incompatible). Learn more at https://github.com/vitejs/vite-plugin-react/tree/main/packages/plugin-react#consistent-components-exports
[2m11:47:16[22m [36m[1m[vite][22m[39m [90m[2m(client)[22m[39m [32mpage reload [39m[2msrc/App.tsx[22m
[2m11:47:21[22m [36m[1m[vite][22m[39m [90m[2m(client)[22m[39m [32mhmr update [39m[2m/src/ui/builder/builder-design.css[22m
[2m12:35:05[22m [36m[1m[vite][22m[39m [90m[2m(client)[22m[39m [32mhmr update [39m[2m/src/styles/design-system.css[22m
[2m12:35:47[22m [36m[1m[vite][22m[39m [90m[2m(client)[22m[39m [32mhmr update [39m[2m/src/ui/builder/StepStatistics.tsx[22m
[2m12:35:48[22m [36m[1m[vite][22m[39m [90m[2m(client)[22m[39m [33mhmr invalidate [39m[2m/src/ui/builder/StepStatistics.tsx[22m Could not Fast Refresh ("formatPlayedOn" export is incompatible). Learn more at https://github.com/vitejs/vite-plugin-react/tree/main/packages/plugin-react#consistent-components-exports
[2m12:35:48[22m [36m[1m[vite][22m[39m [90m[2m(client)[22m[39m [32mhmr update [39m[2m/src/App.tsx[22m
[2m12:35:48[22m [36m[1m[vite][22m[39m [90m[2m(client)[22m[39m [33mhmr invalidate [39m[2m/src/App.tsx[22m Could not Fast Refresh ("initialPageFor" export is incompatible). Learn more at https://github.com/vitejs/vite-plugin-react/tree/main/packages/plugin-react#consistent-components-exports
[2m12:35:48[22m [36m[1m[vite][22m[39m [90m[2m(client)[22m[39m [32mpage reload [39m[2msrc/App.tsx[22m
[2m12:36:16[22m [36m[1m[vite][22m[39m [90m[2m(client)[22m[39m [32mhmr update [39m[2m/src/ui/builder/builder-design.css[22m
[2m12:36:48[22m [36m[1m[vite][22m[39m [90m[2m(client)[22m[39m [32mpage reload [39m[2msrc/i18n/locales.ts[22m
[2m12:37:04[22m [36m[1m[vite][22m[39m [90m[2m(client)[22m[39m [32mhmr update [39m[2m/src/ui/builder/StepStatistics.tsx[22m
[2m12:37:04[22m [36m[1m[vite][22m[39m [90m[2m(client)[22m[39m [33mhmr invalidate [39m[2m/src/ui/builder/StepStatistics.tsx[22m Could not Fast Refresh ("formatPlayedOn" export is incompatible). Learn more at https://github.com/vitejs/vite-plugin-react/tree/main/packages/plugin-react#consistent-components-exports
[2m12:37:04[22m [36m[1m[vite][22m[39m [90m[2m(client)[22m[39m [32mhmr update [39m[2m/src/App.tsx[22m
[2m12:37:04[22m [36m[1m[vite][22m[39m [90m[2m(client)[22m[39m [33mhmr invalidate [39m[2m/src/App.tsx[22m Could not Fast Refresh ("initialPageFor" export is incompatible). Learn more at https://github.com/vitejs/vite-plugin-react/tree/main/packages/plugin-react#consistent-components-exports
[2m12:37:04[22m [36m[1m[vite][22m[39m [90m[2m(client)[22m[39m [32mpage reload [39m[2msrc/App.tsx[22m
[2m12:37:49[22m [36m[1m[vite][22m[39m [90m[2m(client)[22m[39m [32mhmr update [39m[2m/src/ui/builder/StepStatistics.tsx[22m
[2m12:37:49[22m [36m[1m[vite][22m[39m [90m[2m(client)[22m[39m [33mhmr invalidate [39m[2m/src/ui/builder/StepStatistics.tsx[22m Could not Fast Refresh ("formatPlayedOn" export is incompatible). Learn more at https://github.com/vitejs/vite-plugin-react/tree/main/packages/plugin-react#consistent-components-exports
[2m12:37:49[22m [36m[1m[vite][22m[39m [90m[2m(client)[22m[39m [32mhmr update [39m[2m/src/App.tsx[22m
[2m12:37:49[22m [36m[1m[vite][22m[39m [90m[2m(client)[22m[39m [33mhmr invalidate [39m[2m/src/App.tsx[22m Could not Fast Refresh ("initialPageFor" export is incompatible). Learn more at https://github.com/vitejs/vite-plugin-react/tree/main/packages/plugin-react#consistent-components-exports
[2m12:37:49[22m [36m[1m[vite][22m[39m [90m[2m(client)[22m[39m [32mpage reload [39m[2msrc/App.tsx[22m
[2m12:38:36[22m [36m[1m[vite][22m[39m [90m[2m(client)[22m[39m [32mpage reload [39m[2msrc/i18n/locales.ts[22m
[2m12:57:06[22m [36m[1m[vite][22m[39m [90m[2m(client)[22m[39m [32mhmr update [39m[2m/src/ui/builder/StepStatistics.tsx[22m
[2m12:57:07[22m [36m[1m[vite][22m[39m [90m[2m(client)[22m[39m [33mhmr invalidate [39m[2m/src/ui/builder/StepStatistics.tsx[22m Could not Fast Refresh ("formatPlayedOn" export is incompatible). Learn more at https://github.com/vitejs/vite-plugin-react/tree/main/packages/plugin-react#consistent-components-exports
[2m12:57:07[22m [36m[1m[vite][22m[39m [90m[2m(client)[22m[39m [32mhmr update [39m[2m/src/App.tsx[22m
[2m12:57:07[22m [36m[1m[vite][22m[39m [90m[2m(client)[22m[39m [33mhmr invalidate [39m[2m/src/App.tsx[22m Could not Fast Refresh ("initialPageFor" export is incompatible). Learn more at https://github.com/vitejs/vite-plugin-react/tree/main/packages/plugin-react#consistent-components-exports
[2m12:57:07[22m [36m[1m[vite][22m[39m [90m[2m(client)[22m[39m [32mpage reload [39m[2msrc/App.tsx[22m
[2m12:57:10[22m [36m[1m[vite][22m[39m [90m[2m(client)[22m[39m [32mpage reload [39m[2msrc/i18n/locales.ts[22m
[2m12:57:27[22m [36m[1m[vite][22m[39m [90m[2m(client)[22m[39m [32mhmr update [39m[2m/src/ui/builder/MatchDonut.tsx[22m
[2m12:57:29[22m [36m[1m[vite][22m[39m [90m[2m(client)[22m[39m [32mhmr update [39m[2m/src/ui/builder/StepStatistics.tsx[22m
[2m12:57:29[22m [36m[1m[vite][22m[39m [90m[2m(client)[22m[39m [33mhmr invalidate [39m[2m/src/ui/builder/StepStatistics.tsx[22m Could not Fast Refresh ("formatPlayedOn" export is incompatible). Learn more at https://github.com/vitejs/vite-plugin-react/tree/main/packages/plugin-react#consistent-components-exports
[2m12:57:29[22m [36m[1m[vite][22m[39m [90m[2m(client)[22m[39m [32mhmr update [39m[2m/src/App.tsx[22m
[2m12:57:30[22m [36m[1m[vite][22m[39m [90m[2m(client)[22m[39m [33mhmr invalidate [39m[2m/src/App.tsx[22m Could not Fast Refresh ("initialPageFor" export is incompatible). Learn more at https://github.com/vitejs/vite-plugin-react/tree/main/packages/plugin-react#consistent-components-exports
[2m12:57:30[22m [36m[1m[vite][22m[39m [90m[2m(client)[22m[39m [32mpage reload [39m[2msrc/App.tsx[22m
[2m12:57:42[22m [36m[1m[vite][22m[39m [32mpackage.json changed, restarting server...[39m
[2m12:57:42[22m [36m[1m[vite][22m[39m server restarted.
[2m13:22:34[22m [36m[1m[vite][22m[39m [32mpackage.json changed, restarting server...[39m
[2m13:22:35[22m [36m[1m[vite][22m[39m server restarted.
[2m14:08:53[22m [36m[1m[vite][22m[39m [32mvite.config.ts changed, restarting server...[39m
[2m14:08:53[22m [36m[1m[vite][22m[39m [90m[2m(client)[22m[39m Re-optimizing dependencies because vite config has changed
[2m14:08:53[22m [36m[1m[vite][22m[39m server restarted.
[2m14:08:57[22m [36m[1m[vite][22m[39m [32mvite.config.ts changed, restarting server...[39m
[2m14:08:57[22m [36m[1m[vite][22m[39m server restarted.
