
> starcraft-tmg-army-builder@0.1.0 dev
> vite --host 127.0.0.1


  [32m[1mVITE[22m v6.4.3[39m  [2mready in [0m[1m544[22m[2m[0m ms[22m

  [32m➜[39m  [1mLocal[22m:   [36mhttp://127.0.0.1:[1m5173[22m/[39m
[2m0:22:27[22m [36m[1m[vite][22m[39m [90m[2m(client)[22m[39m [32mpage reload [39m[2mindex.html[22m
[2m0:23:11[22m [36m[1m[vite][22m[39m [32mvite.config.ts changed, restarting server...[39m
[2m0:23:11[22m [36m[1m[vite][22m[39m [90m[2m(client)[22m[39m Re-optimizing dependencies because lockfile has changed
[2m0:23:11[22m [36m[1m[vite][22m[39m server restarted.
[2m0:25:56[22m [36m[1m[vite][22m[39m [32mvite.config.ts changed, restarting server...[39m
[2m0:25:56[22m [36m[1m[vite][22m[39m server restarted.
[2m0:27:11[22m [36m[1m[vite][22m[39m [90m[2m(client)[22m[39m [32mhmr update [39m[2m/src/ui/builder/StepMusterUnits.tsx, /src/ui/builder/StepCommandCards.tsx[22m
[2m0:27:18[22m [36m[1m[vite][22m[39m [90m[2m(client)[22m[39m [32mhmr update [39m[2m/src/ui/builder/StepMusterUnits.tsx[22m
[2m0:27:23[22m [36m[1m[vite][22m[39m [90m[2m(client)[22m[39m [32mhmr update [39m[2m/src/ui/builder/StepMusterUnits.tsx[22m
[2m0:27:27[22m [36m[1m[vite][22m[39m [90m[2m(client)[22m[39m [32mhmr update [39m[2m/src/ui/builder/StepMusterUnits.tsx[22m
[2m0:28:14[22m [36m[1m[vite][22m[39m [90m[2m(client)[22m[39m [32mhmr update [39m[2m/src/ui/builder/StepMusterUnits.tsx[22m
[2m0:28:23[22m [36m[1m[vite][22m[39m [90m[2m(client)[22m[39m [32mhmr update [39m[2m/src/ui/builder/StepMusterUnits.tsx[22m
[2m0:29:07[22m [36m[1m[vite][22m[39m [90m[2m(client)[22m[39m [32mhmr update [39m[2m/src/ui/builder/StepScenario.tsx[22m
[2m0:29:13[22m [36m[1m[vite][22m[39m [90m[2m(client)[22m[39m [32mhmr update [39m[2m/src/ui/builder/StepScenario.tsx[22m
[2m0:30:01[22m [36m[1m[vite][22m[39m [90m[2m(client)[22m[39m [32mhmr update [39m[2m/src/App.tsx, /src/ui/builder/StepReview.tsx, /src/ui/common/SeedDialog.tsx, /src/ui/builder/StepMusterUnits.tsx, /src/ui/builder/StepCommandCards.tsx, /src/ui/builder/StepScenario.tsx, /src/ui/print/PrintSheet.tsx[22m
[2m0:30:19[22m [36m[1m[vite][22m[39m [90m[2m(client)[22m[39m [32mhmr update [39m[2m/src/App.tsx, /src/ui/builder/StepReview.tsx, /src/ui/common/SeedDialog.tsx, /src/ui/builder/StepMusterUnits.tsx, /src/ui/builder/StepCommandCards.tsx, /src/ui/builder/StepScenario.tsx, /src/ui/print/PrintSheet.tsx[22m
[2m0:30:52[22m [36m[1m[vite][22m[39m [32mvite.config.ts changed, restarting server...[39m
[2m0:30:53[22m [36m[1m[vite][22m[39m server restarted.
